## Changelog

### Disk-Squeezer 2.0
- The GUI was be beautiful.
- Added some animation.
- Command Mode will be faster.
- At the beginning, the window is automatically hidden.
- Has a system tray that can be exited at any time.
- When it ends, a Windows message prompt will be used.
- The program file size became smaller, and many useless components were removed.

### Disk-Squeezer 2.0-Beta
- It has a GUI interface, used Qt.
- It is much more stable than the version 2.0-Alpha, and it can use write mode, and will not be unresponsive.
- command mode will be very fast.

### Disk-Squeezer 1.5
- Convert to a 64-bit program.
- Support dual switching of Simplified Chinese and English.
- Added the "About" option.

### Disk-Squeezer 2.0-Alpha
- It has a GUI interface.
- It is very unstable, many functions cannot be used.
- It is not fully completed, so it is not recommended to use it.

### Disk-Squeezer 1.4
- Added command mode.

### Disk-Squeezer 1.3
- Added a progress bar.
- Added the function of displaying content.

### Disk-Squeezer 1.2
- You only need to enter a drive letter, not a full path.

### Disk-Squeezer 1.1
- Added the ability to write paths.

### Disk-Squeezer 1.0
- The first official version of Disk-Squeezer.
- Convert from Python to C++.

### Disk-Squeezer Initial Release
- The birth of Disk-Squeezer, the first version, was developed using Python.
